Copyright 1986-2015 Xilinx, Inc. All Rights Reserved.
---------------------------------------------------------------------------------------------
| Tool Version : Vivado v.2015.1 (lin64) Build 1215546 Mon Apr 27 19:07:21 MDT 2015
| Date         : Wed Jun 10 14:38:20 2015
| Host         : WK49-Ubuntu running 64-bit Ubuntu 14.04.2 LTS
| Command      : report_control_sets -verbose -file design_1_wrapper_control_sets_placed.rpt
| Design       : design_1_wrapper
| Device       : xc7a100t
---------------------------------------------------------------------------------------------

Control Set Information

Table of Contents
-----------------
1. Summary
2. Flip-Flop Distribution
3. Detailed Control Set Information

1. Summary
----------

+-------------------------------------------------------------------+-------+
|                               Status                              | Count |
+-------------------------------------------------------------------+-------+
| Number of unique control sets                                     |    58 |
| Minimum Number of register sites lost to control set restrictions |   130 |
+-------------------------------------------------------------------+-------+


2. Flip-Flop Distribution
-------------------------

+--------------+-----------------------+------------------------+-----------------+--------------+
| Clock Enable | Synchronous Set/Reset | Asynchronous Set/Reset | Total Registers | Total Slices |
+--------------+-----------------------+------------------------+-----------------+--------------+
| No           | No                    | No                     |             224 |           87 |
| No           | No                    | Yes                    |              29 |            8 |
| No           | Yes                   | No                     |             261 |          110 |
| Yes          | No                    | No                     |             253 |           96 |
| Yes          | No                    | Yes                    |              24 |           11 |
| Yes          | Yes                   | No                     |             575 |          229 |
+--------------+-----------------------+------------------------+-----------------+--------------+


3. Detailed Control Set Information
-----------------------------------

+--------------------------------------+--------------------------------------------------------------------------------------------------------------------------------------------------------------------------------------------------------------------------+--------------------------------------------------------------------------------------------------------------------------------+------------------+----------------+
|             Clock Signal             |                                                                                                       Enable Signal                                                                                                      |                                                        Set/Reset Signal                                                        | Slice Load Count | Bel Load Count |
+--------------------------------------+--------------------------------------------------------------------------------------------------------------------------------------------------------------------------------------------------------------------------+--------------------------------------------------------------------------------------------------------------------------------+------------------+----------------+
| ~design_1_i/mdm_1/U0/Ext_JTAG_DRCK   | design_1_i/mdm_1/U0/MDM_Core_I1/JTAG_CONTROL_I/CE                                                                                                                                                                        | design_1_i/mdm_1/U0/MDM_Core_I1/JTAG_CONTROL_I/D                                                                               |                1 |              1 |
|  design_1_i/clk_wiz_1/inst/clk_out1  |                                                                                                                                                                                                                          | design_1_i/microblaze_0/U0/MicroBlaze_Core_I/Performance.Core/Use_Debug_Logic.Master_Core.Debug_Perf/capture_1                 |                1 |              1 |
| ~design_1_i/mdm_1/U0/Ext_JTAG_UPDATE |                                                                                                                                                                                                                          | design_1_i/mdm_1/U0/MDM_Core_I1/JTAG_CONTROL_I/Insert_Delays[0].LUT_Delay_i_1_n_0                                              |                1 |              1 |
|  design_1_i/mdm_1/U0/Ext_JTAG_UPDATE | design_1_i/microblaze_0/U0/MicroBlaze_Core_I/Performance.Core/Use_Debug_Logic.Master_Core.Debug_Perf/Control_Reg_En                                                                                                      | design_1_i/microblaze_0/U0/MicroBlaze_Core_I/Performance.Core/Use_Debug_Logic.Master_Core.Debug_Perf/force_stop_cmd_i_reg_n_0  |                1 |              1 |
|  design_1_i/mdm_1/U0/Ext_JTAG_UPDATE | design_1_i/microblaze_0/U0/MicroBlaze_Core_I/Performance.Core/Use_Debug_Logic.Master_Core.Debug_Perf/Control_Reg_En                                                                                                      | design_1_i/microblaze_0/U0/MicroBlaze_Core_I/Performance.Core/Use_Debug_Logic.Master_Core.Debug_Perf/continue_from_brk_reg_n_0 |                1 |              1 |
|  design_1_i/mdm_1/U0/Ext_JTAG_UPDATE | design_1_i/microblaze_0/U0/MicroBlaze_Core_I/Performance.Core/Use_Debug_Logic.Master_Core.Debug_Perf/Control_Reg_En                                                                                                      | design_1_i/microblaze_0/U0/MicroBlaze_Core_I/Performance.Core/Use_Debug_Logic.Master_Core.Debug_Perf/start_single_step_reg_n_0 |                1 |              1 |
|  design_1_i/mdm_1/U0/Ext_JTAG_UPDATE | design_1_i/microblaze_0/U0/MicroBlaze_Core_I/Performance.Core/Use_Debug_Logic.Master_Core.Debug_Perf/Control_Reg_En                                                                                                      | design_1_i/microblaze_0/U0/MicroBlaze_Core_I/Performance.Core/Use_Debug_Logic.Master_Core.Debug_Perf/normal_stop_cmd_i_reg_n_0 |                1 |              1 |
|  design_1_i/clk_wiz_1/inst/clk_out1  | design_1_i/DigiLED_0/inst/DigiLED_v1_0_S00_AXI_inst/led_driver/state[1]_i_1_n_0                                                                                                                                          | design_1_i/DigiLED_0/inst/DigiLED_v1_0_S00_AXI_inst/led_driver/internal_reset                                                  |                1 |              2 |
|  design_1_i/mdm_1/U0/Ext_JTAG_UPDATE | design_1_i/microblaze_0/U0/MicroBlaze_Core_I/Performance.Core/Use_Debug_Logic.Master_Core.Debug_Perf/Command_Reg_En                                                                                                      | design_1_i/microblaze_0/U0/MicroBlaze_Core_I/Performance.Core/Use_Debug_Logic.Master_Core.Debug_Perf/command_reg_clear         |                1 |              2 |
|  design_1_i/mdm_1/U0/Ext_JTAG_UPDATE |                                                                                                                                                                                                                          |                                                                                                                                |                2 |              3 |
|  design_1_i/mdm_1/U0/Ext_JTAG_UPDATE | design_1_i/microblaze_0/U0/MicroBlaze_Core_I/Performance.Core/Use_Debug_Logic.Master_Core.Debug_Perf/Control_Reg_En                                                                                                      |                                                                                                                                |                3 |              4 |
| ~design_1_i/mdm_1/U0/Ext_JTAG_UPDATE |                                                                                                                                                                                                                          | design_1_i/mdm_1/U0/MDM_Core_I1/sel_n_reset                                                                                    |                1 |              4 |
|  design_1_i/mdm_1/U0/Ext_JTAG_UPDATE | design_1_i/mdm_1/U0/MDM_Core_I1/MDM_SEL                                                                                                                                                                                  | design_1_i/mdm_1/U0/MDM_Core_I1/sel_n_reset                                                                                    |                1 |              4 |
|  design_1_i/clk_wiz_1/inst/clk_out1  |                                                                                                                                                                                                                          | design_1_i/rst_clk_wiz_1_100M/U0/bus_struct_reset[0]                                                                           |                2 |              4 |
|  design_1_i/mdm_1/U0/Ext_JTAG_DRCK   | design_1_i/mdm_1/U0/MDM_Core_I1/TDI_Shifter0                                                                                                                                                                             | design_1_i/mdm_1/U0/MDM_Core_I1/sel_n_reset                                                                                    |                1 |              4 |
|  design_1_i/clk_wiz_1/inst/clk_out1  | design_1_i/microblaze_0/U0/MicroBlaze_Core_I/Performance.Core/Decode_I/WB_Halted                                                                                                                                         | design_1_i/microblaze_0/U0/MicroBlaze_Core_I/Reset_DFF/sync[2]                                                                 |                4 |              5 |
|  design_1_i/clk_wiz_1/inst/clk_out1  |                                                                                                                                                                                                                          | design_1_i/rst_clk_wiz_1_100M/U0/EXT_LPF/lpf_int                                                                               |                3 |              5 |
|  design_1_i/clk_wiz_1/inst/clk_out1  | design_1_i/rst_clk_wiz_1_100M/U0/SEQ/seq_cnt_en                                                                                                                                                                          | design_1_i/rst_clk_wiz_1_100M/U0/SEQ/SEQ_COUNTER/clear                                                                         |                1 |              6 |
|  design_1_i/mdm_1/U0/Ext_JTAG_DRCK   | design_1_i/mdm_1/U0/MDM_Core_I1/JTAG_CONTROL_I/count[0]__0_i_1_n_0                                                                                                                                                       |                                                                                                                                |                2 |              6 |
|  design_1_i/mdm_1/U0/Ext_JTAG_DRCK   | design_1_i/mdm_1/U0/MDM_Core_I1/JTAG_CONTROL_I/sample_1[15]_i_1_n_0                                                                                                                                                      |                                                                                                                                |                2 |              6 |
|  design_1_i/mdm_1/U0/Ext_JTAG_DRCK   | design_1_i/microblaze_0/U0/MicroBlaze_Core_I/Performance.Core/Use_Debug_Logic.Master_Core.Debug_Perf/Using_PC_Breakpoints.All_PC_Brks[0].address_hit_I/Compare[1].SRLC16E_I/Performace_Debug_Control.ex_dbg_hit_reg[0]_1 |                                                                                                                                |                7 |              8 |
|  design_1_i/clk_wiz_1/inst/clk_out1  | design_1_i/DigiLED_0/inst/DigiLED_v1_0_S00_AXI_inst/led_driver/led_counter[7]_i_1_n_0                                                                                                                                    | design_1_i/DigiLED_0/inst/DigiLED_v1_0_S00_AXI_inst/led_driver/internal_reset                                                  |                3 |              8 |
|  design_1_i/clk_wiz_1/inst/clk_out1  | design_1_i/DigiLED_0/inst/DigiLED_v1_0_S00_AXI_inst/axi_awready0                                                                                                                                                         | design_1_i/DigiLED_0/inst/DigiLED_v1_0_S00_AXI_inst/axi_awready_i_1_n_0                                                        |                4 |              8 |
|  design_1_i/clk_wiz_1/inst/clk_out1  | design_1_i/DigiLED_0/inst/DigiLED_v1_0_S00_AXI_inst/axi_arready_i_1_n_0                                                                                                                                                  | design_1_i/DigiLED_0/inst/DigiLED_v1_0_S00_AXI_inst/axi_awready_i_1_n_0                                                        |                4 |              8 |
|  design_1_i/mdm_1/U0/Ext_JTAG_DRCK   | design_1_i/mdm_1/U0/MDM_Core_I1/JTAG_CONTROL_I/tdi_shifter0                                                                                                                                                              |                                                                                                                                |                2 |              8 |
| ~design_1_i/mdm_1/U0/Ext_JTAG_UPDATE | design_1_i/mdm_1/U0/MDM_Core_I1/JTAG_CONTROL_I/command[0]_i_1_n_0                                                                                                                                                        |                                                                                                                                |                2 |              8 |
|  design_1_i/mdm_1/U0/Ext_JTAG_UPDATE | design_1_i/mdm_1/U0/MDM_Core_I1/JTAG_CONTROL_I/command_1[0]_i_1_n_0                                                                                                                                                      |                                                                                                                                |                2 |              8 |
|  design_1_i/clk_wiz_1/inst/clk_out1  |                                                                                                                                                                                                                          | design_1_i/DigiLED_0/inst/DigiLED_v1_0_S00_AXI_inst/led_driver/delay_counter[10]_i_1_n_0                                       |                3 |             11 |
|  design_1_i/clk_wiz_1/inst/clk_out1  | design_1_i/microblaze_0/U0/MicroBlaze_Core_I/Performance.Core/Decode_I/PreFetch_Buffer_I1/OF_Valid_DFF/E[0]                                                                                                              | design_1_i/microblaze_0/U0/MicroBlaze_Core_I/Reset_DFF/sync[2]                                                                 |               10 |             16 |
|  design_1_i/clk_wiz_1/inst/clk_out1  | design_1_i/microblaze_0/U0/MicroBlaze_Core_I/Performance.Core/Decode_I/Use_MuxCy[10].OF_Piperun_Stage/MUXCY_I/lopt_6                                                                                                     | design_1_i/microblaze_0/U0/MicroBlaze_Core_I/Reset_DFF/sync[2]                                                                 |               11 |             19 |
|  design_1_i/mdm_1/U0/Ext_JTAG_DRCK   |                                                                                                                                                                                                                          | design_1_i/mdm_1/U0/MDM_Core_I1/shift_n_reset                                                                                  |                5 |             23 |
|  design_1_i/clk_wiz_1/inst/clk_out1  | design_1_i/DigiLED_0/inst/DigiLED_v1_0_S00_AXI_inst/led_driver/internal_color[23]_i_1_n_0                                                                                                                                |                                                                                                                                |               17 |             24 |
|  design_1_i/clk_wiz_1/inst/clk_out1  | design_1_i/DigiLED_0/inst/DigiLED_v1_0_S00_AXI_inst/led_driver/E[0]                                                                                                                                                      |                                                                                                                                |               20 |             32 |
|  design_1_i/clk_wiz_1/inst/clk_out1  | design_1_i/microblaze_0/U0/MicroBlaze_Core_I/Performance.Core/Decode_I/Use_MuxCy[10].OF_Piperun_Stage/MUXCY_I/lopt_15                                                                                                    | design_1_i/microblaze_0/U0/MicroBlaze_Core_I/Performance.Core/Decode_I/R                                                       |               17 |             32 |
|  design_1_i/clk_wiz_1/inst/clk_out1  | design_1_i/DigiLED_0/inst/DigiLED_v1_0_S00_AXI_inst/led_driver/frame_counter[0]_i_2_n_0                                                                                                                                  | design_1_i/DigiLED_0/inst/DigiLED_v1_0_S00_AXI_inst/led_driver/frame_counter[0]_i_1_n_0                                        |                8 |             32 |
|  design_1_i/clk_wiz_1/inst/clk_out1  | design_1_i/microblaze_0/U0/MicroBlaze_Core_I/Performance.Core/Decode_I/PreFetch_Buffer_I1/OF_Valid_DFF/if_pc_reg[0][0]                                                                                                   | design_1_i/microblaze_0/U0/MicroBlaze_Core_I/Reset_DFF/sync[2]                                                                 |               10 |             32 |
|  design_1_i/clk_wiz_1/inst/clk_out1  | design_1_i/microblaze_0/U0/MicroBlaze_Core_I/Performance.Core/Decode_I/Use_MuxCy[10].OF_Piperun_Stage/MUXCY_I/lopt_6                                                                                                     |                                                                                                                                |                9 |             32 |
|  design_1_i/clk_wiz_1/inst/clk_out1  | design_1_i/microblaze_0/U0/MicroBlaze_Core_I/Performance.Core/Decode_I/Use_MuxCy[10].OF_Piperun_Stage/MUXCY_I/lopt_6                                                                                                     | design_1_i/microblaze_0/U0/MicroBlaze_Core_I/Reset_DFF/SR[0]                                                                   |               17 |             32 |
|  design_1_i/clk_wiz_1/inst/clk_out1  |                                                                                                                                                                                                                          | design_1_i/microblaze_0/U0/MicroBlaze_Core_I/Reset_DFF/Use_DLMB.wb_dlmb_valid_read_data_reg[31][0]                             |               12 |             32 |
|  design_1_i/clk_wiz_1/inst/clk_out1  | design_1_i/microblaze_0/U0/MicroBlaze_Core_I/Performance.Core/Decode_I/jump_logic_I1/E[0]                                                                                                                                | design_1_i/microblaze_0/U0/MicroBlaze_Core_I/Reset_DFF/sync[2]                                                                 |               13 |             32 |
|  design_1_i/clk_wiz_1/inst/clk_out1  | design_1_i/DigiLED_0/inst/DigiLED_v1_0_S00_AXI_inst/temp_reg[31]_i_1_n_0                                                                                                                                                 |                                                                                                                                |               12 |             32 |
|  design_1_i/clk_wiz_1/inst/clk_out1  | design_1_i/DigiLED_0/inst/DigiLED_v1_0_S00_AXI_inst/slv_reg_rden                                                                                                                                                         | design_1_i/DigiLED_0/inst/DigiLED_v1_0_S00_AXI_inst/axi_awready_i_1_n_0                                                        |                8 |             32 |
|  design_1_i/clk_wiz_1/inst/clk_out1  | design_1_i/DigiLED_0/inst/DigiLED_v1_0_S00_AXI_inst/s00_axi_rvalid                                                                                                                                                       | design_1_i/microblaze_0/U0/MicroBlaze_Core_I/Reset_DFF/sync[2]                                                                 |               11 |             32 |
|  design_1_i/clk_wiz_1/inst/clk_out1  |                                                                                                                                                                                                                          | design_1_i/DigiLED_0/inst/DigiLED_v1_0_S00_AXI_inst/led_driver/frame_counter_div[0]_i_1_n_0                                    |                8 |             32 |
|  design_1_i/mdm_1/U0/Ext_JTAG_DRCK   | design_1_i/microblaze_0/U0/MicroBlaze_Core_I/Performance.Core/Use_Debug_Logic.Master_Core.Debug_Perf/New_Dbg_Instr_TCK                                                                                                   |                                                                                                                                |                9 |             32 |
|  design_1_i/clk_wiz_1/inst/clk_out1  |                                                                                                                                                                                                                          | design_1_i/DigiLED_0/inst/DigiLED_v1_0_S00_AXI_inst/axi_awready_i_1_n_0                                                        |               13 |             35 |
|  design_1_i/clk_wiz_1/inst/clk_out1  | design_1_i/DigiLED_0/inst/DigiLED_v1_0_S00_AXI_inst/led_data_reg_0_63_0_2_i_4_n_0                                                                                                                                        |                                                                                                                                |               11 |             44 |
|  design_1_i/clk_wiz_1/inst/clk_out1  | design_1_i/DigiLED_0/inst/DigiLED_v1_0_S00_AXI_inst/led_data_reg_64_127_0_2_i_1_n_0                                                                                                                                      |                                                                                                                                |               11 |             44 |
|  design_1_i/clk_wiz_1/inst/clk_out1  | design_1_i/DigiLED_0/inst/DigiLED_v1_0_S00_AXI_inst/led_data_reg_192_255_0_2_i_1_n_0                                                                                                                                     |                                                                                                                                |               11 |             44 |
|  design_1_i/clk_wiz_1/inst/clk_out1  | design_1_i/DigiLED_0/inst/DigiLED_v1_0_S00_AXI_inst/led_data_reg_128_191_0_2_i_1_n_0                                                                                                                                     |                                                                                                                                |               11 |             44 |
|  design_1_i/mdm_1/U0/Ext_JTAG_DRCK   | design_1_i/mdm_1/U0/Dbg_Capture_0                                                                                                                                                                                        |                                                                                                                                |               16 |             61 |
|  design_1_i/clk_wiz_1/inst/clk_out1  | design_1_i/microblaze_0/U0/MicroBlaze_Core_I/Performance.Core/Decode_I/Use_MuxCy[10].OF_Piperun_Stage/MUXCY_I/lopt_15                                                                                                    | design_1_i/microblaze_0/U0/MicroBlaze_Core_I/Reset_DFF/sync[2]                                                                 |               27 |             68 |
|  design_1_i/clk_wiz_1/inst/clk_out1  | design_1_i/microblaze_0/U0/MicroBlaze_Core_I/Performance.Core/Decode_I/PreFetch_Buffer_I1/Gen_Mux_Select_LUT6[4].Gen_Sel_DFF/Using_FPGA.Native_2                                                                         |                                                                                                                                |               10 |             75 |
|  design_1_i/mdm_1/U0/Ext_JTAG_DRCK   |                                                                                                                                                                                                                          |                                                                                                                                |               39 |            117 |
|  design_1_i/clk_wiz_1/inst/clk_out1  |                                                                                                                                                                                                                          |                                                                                                                                |               52 |            126 |
|  design_1_i/clk_wiz_1/inst/clk_out1  | design_1_i/microblaze_0/U0/MicroBlaze_Core_I/Performance.Core/Decode_I/status_reg_reg[25][46]                                                                                                                            |                                                                                                                                |               16 |            128 |
|  design_1_i/clk_wiz_1/inst/clk_out1  |                                                                                                                                                                                                                          | design_1_i/microblaze_0/U0/MicroBlaze_Core_I/Reset_DFF/sync[2]                                                                 |               69 |            142 |
|  design_1_i/clk_wiz_1/inst/clk_out1  | design_1_i/microblaze_0/U0/MicroBlaze_Core_I/Performance.Core/Decode_I/Use_MuxCy[10].OF_Piperun_Stage/MUXCY_I/use_Reg_Neg_S_reg                                                                                          | design_1_i/microblaze_0/U0/MicroBlaze_Core_I/Reset_DFF/sync[2]                                                                 |               83 |            220 |
+--------------------------------------+--------------------------------------------------------------------------------------------------------------------------------------------------------------------------------------------------------------------------+--------------------------------------------------------------------------------------------------------------------------------+------------------+----------------+


